<html>
  <head>
    <title>default</title>
  </head>
  <body>
    <img src="../img/eggs.abc123e2.png" />

    <video class="autoplay" loop muted preload="auto" autoplay poster="../img/eggs.abc123e2.png">
      <source src="../video/eggs.webm" type="video/webm" />
    </video>
  </body>
</html>